// Jest Snapshot v1, https://goo.gl/fbAQLP

exports[`renders search box correctly 1`] = `
<form
  className="SearchBox"
  onSubmit={[Function]}
>
  <input
    className="SearchBox__input"
    onChange={[Function]}
    type="text"
    value=""
  />
  <input
    className="SearchBox__button"
    type="submit"
    value="Search"
  />
</form>
`;
